U-Boot SPL 2023.10-rc3-g291055ef (Aug 24 2023 - 12:30:35 +0900)
DRAM: 1024 MiB
Trying to boot from MMC1
NOTICE:  BL31: v2.9(debug):f56da5d
NOTICE:  BL31: Built : 11:16:37, Aug 24 2023
NOTICE:  BL31: Detected Allwinner A64/H64/R18 SoC (1689)
NOTICE:  BL31: Found U-Boot DTB at 0x20a4460, model: Pine64+
INFO:    ARM GICv2 driver initialized
INFO:    Configuring SPC Controller
INFO:    PMIC: Probing AXP803 on RSB
INFO:    PMIC: dcdc1 voltage: 3.300V
INFO:    PMIC: dcdc5 voltage: 1.360V
INFO:    PMIC: dcdc6 voltage: 1.100V
INFO:    PMIC: dldo1 voltage: 3.300V
INFO:    PMIC: dldo2 voltage: 3.300V
INFO:    PMIC: dldo4 voltage: 3.300V
INFO:    PMIC: fldo1 voltage: 1.200V
INFO:    PMIC: Enabling DC SW
INFO:    BL31: Platform setup done
INFO:    BL31: Initializing runtime services
INFO:    BL31: cortex_a53: CPU workaround for 843419 was applied
INFO:    BL31: cortex_a53: CPU workaround for 855873 was applied
INFO:    BL31: cortex_a53: CPU workaround for 1530924 was applied
SCP/INF: Crust v0.5.10000
INFO:    PSCI: Suspend is available via SCPI
INFO:    BL31: Preparing for EL3 exit to normal world
INFO:    Entry point address = 0x4a000000
INFO:    SPSR = 0x3c9


U-Boot 2023.10-rc3-g291055ef (Aug 24 2023 - 12:30:35 +0900) Allwinner Technology

CPU:   Allwinner A64 (SUN50I)
Model: Pine64+
DRAM:  1 GiB
Core:  68 devices, 20 uclasses, devicetree: separate
WDT:   Not starting watchdog@1c20ca0
MMC:   mmc@1c0f000: 0
Loading Environment from FAT... OK
In:    serial,usbkbd
Out:   serial,vidconsole
Err:   serial,vidconsole
Net:   eth0: ethernet@1c30000
Unknown command 'nothing' - try 'help'
Hit any key to stop autoboot:  0
ethernet@1c30000 Waiting for PHY auto negotiation to complete...... done
BOOTP broadcast 1
BOOTP broadcast 2
DHCP client bound to address 192.168.10.121 (288 ms)
Using ethernet@1c30000 device
TFTP from server 192.168.10.103; our IP address is 192.168.10.121
Filename 'Image'.
Load address: 0x43000000
Loading: #################################################################
         #################################################################
         #################################################################
         #################################################################
         #################################################################
         #######################################
         6.5 MiB/s
done
Bytes transferred = 5337096 (517008 hex)
BOOTP broadcast 1
DHCP client bound to address 192.168.10.121 (9 ms)
Using ethernet@1c30000 device
TFTP from server 192.168.10.103; our IP address is 192.168.10.121
Filename 'initrd'.
Load address: 0x41000000
Loading: ####################################################
         5.9 MiB/s
done
Bytes transferred = 761937 (ba051 hex)
BOOTP broadcast 1
DHCP client bound to address 192.168.10.121 (3 ms)
Using ethernet@1c30000 device
TFTP from server 192.168.10.103; our IP address is 192.168.10.121
Filename 'pine64.dtb'.
Load address: 0x42f00000
Loading: ###
         3.1 MiB/s
done
Bytes transferred = 41919 (a3bf hex)
Working FDT set to 42f00000
## Flattened Device Tree blob at 42f00000
   Booting using the fdt blob at 0x42f00000
Working FDT set to 42f00000
   Loading Device Tree to 0000000049ff1000, end 0000000049ffffff ... OK
Working FDT set to 49ff1000

Starting kernel ...

[    0.000000] Booting Linux on physical CPU 0x0000000000 [0x410fd034]
[    0.000000] Linux version 6.1.52 (vagrant@ubuntu-bionic) (aarch64-linux-gnu-gcc (Ubuntu 11.4.0-1ubuntu1~22.04) 11.4.03
[    0.000000] Machine model: Pine64+
[    0.000000] Zone ranges:
[    0.000000]   Normal   [mem 0x0000000040000000-0x000000007fffffff]
[    0.000000] Movable zone start for each node
[    0.000000] Early memory node ranges
[    0.000000]   node   0: [mem 0x0000000040000000-0x000000007fffffff]
[    0.000000] Initmem setup node 0 [mem 0x0000000040000000-0x000000007fffffff]
[    0.000000] psci: probing for conduit method from DT.
[    0.000000] psci: PSCIv1.1 detected in firmware.
[    0.000000] psci: Using standard PSCI v0.2 function IDs
[    0.000000] psci: MIGRATE_INFO_TYPE not supported.
[    0.000000] psci: SMC Calling Convention v1.4
[    0.000000] percpu: Embedded 17 pages/cpu s40360 r0 d29272 u69632
[    0.000000] Detected VIPT I-cache on CPU0
[    0.000000] CPU features: kernel page table isolation disabled by kernel configuration
[    0.000000] alternatives: applying boot alternatives
[    0.000000] Built 1 zonelists, mobility grouping on.  Total pages: 258560
[    0.000000] Kernel command line: rdinit=/sbin/init ip=dhcp
[    0.000000] Dentry cache hash table entries: 131072 (order: 8, 1048576 bytes, linear)
[    0.000000] Inode-cache hash table entries: 65536 (order: 7, 524288 bytes, linear)
[    0.000000] mem auto-init: stack:off, heap alloc:off, heap free:off
[    0.000000] Memory: 1025892K/1048576K available (3328K kernel code, 860K rwdata, 620K rodata, 320K init, 267K bss, 22)
[    0.000000] rcu: Hierarchical RCU implementation.
[    0.000000] rcu:     RCU restricting CPUs from NR_CPUS=256 to nr_cpu_ids=4.
[    0.000000] rcu: RCU calculated value of scheduler-enlistment delay is 25 jiffies.
[    0.000000] rcu: Adjusting geometry for rcu_fanout_leaf=16, nr_cpu_ids=4
[    0.000000] NR_IRQS: 64, nr_irqs: 64, preallocated irqs: 0
[    0.000000] Root IRQ handler: 0xffffffc00814f97c
[    0.000000] GIC: Using split EOI/Deactivate mode
[    0.000000] rcu: srcu_init: Setting srcu_struct sizes based on contention.
[    0.000000] arch_timer: Enabling global workaround for Allwinner erratum UNKNOWN1
[    0.000000] arch_timer: CPU0: Trapping CNTVCT access
[    0.000000] arch_timer: cp15 timer(s) running at 24.00MHz (phys).
[    0.000000] clocksource: arch_sys_counter: mask: 0xffffffffffffff max_cycles: 0x588fe9dc0, max_idle_ns: 440795202592 s
[    0.000000] sched_clock: 56 bits at 24MHz, resolution 41ns, wraps every 4398046511097ns
[    0.000322] clocksource: timer: mask: 0xffffffff max_cycles: 0xffffffff, max_idle_ns: 79635851949 ns
[    0.000809] Console: colour dummy device 80x25
[    0.001214] printk: console [tty0] enabled
[    0.001255] Calibrating delay loop (skipped), value calculated using timer frequency.. 48.00 BogoMIPS (lpj=96000)
[    0.001287] pid_max: default: 4096 minimum: 301
[    0.001414] Mount-cache hash table entries: 2048 (order: 2, 16384 bytes, linear)
[    0.001448] Mountpoint-cache hash table entries: 2048 (order: 2, 16384 bytes, linear)
[    0.002644] rcu: Hierarchical SRCU implementation.
[    0.002666] rcu:     Max phase no-delay instances is 1000.
[    0.003173] smp: Bringing up secondary CPUs ...
[    0.005533] Detected VIPT I-cache on CPU1
[    0.005649] arch_timer: CPU1: Trapping CNTVCT access
[    0.005666] CPU1: Booted secondary processor 0x0000000001 [0x410fd034]
[    0.006812] Detected VIPT I-cache on CPU2
[    0.006897] arch_timer: CPU2: Trapping CNTVCT access
[    0.006909] CPU2: Booted secondary processor 0x0000000002 [0x410fd034]
[    0.007822] Detected VIPT I-cache on CPU3
[    0.007907] arch_timer: CPU3: Trapping CNTVCT access
[    0.007918] CPU3: Booted secondary processor 0x0000000003 [0x410fd034]
[    0.007983] smp: Brought up 1 node, 4 CPUs
[    0.008087] SMP: Total of 4 processors activated.
[    0.008102] CPU features: detected: 32-bit EL0 Support
[    0.008117] CPU features: detected: CRC32 instructions
[    0.008181] CPU: All CPU(s) started at EL2
[    0.008195] alternatives: applying system-wide alternatives
[    0.009020] devtmpfs: initialized
[    0.099207] clocksource: jiffies: mask: 0xffffffff max_cycles: 0xffffffff, max_idle_ns: 7645041785100000 ns
[    0.099277] pinctrl core: initialized pinctrl subsystem
[    0.103913] NET: Registered PF_NETLINK/PF_ROUTE protocol family
[    0.110545] DMA: preallocated 128 KiB GFP_KERNEL pool for atomic allocations
[    0.113957] ASID allocator initialised with 65536 entries
[    0.133837] platform 1c0c000.lcd-controller: Fixed dependency cycle(s) with /soc/bus@1000000/mixer@200000
[    0.133909] platform 1c0c000.lcd-controller: Fixed dependency cycle(s) with /soc/bus@1000000/mixer@100000
[    0.135859] platform 1c0d000.lcd-controller: Fixed dependency cycle(s) with /soc/hdmi@1ee0000
[    0.227316] platform 1ee0000.hdmi: Fixed dependency cycle(s) with /hdmi-connector
[    0.307181] usbcore: registered new interface driver usbfs
[    0.307327] usbcore: registered new interface driver hub
[    0.307395] usbcore: registered new device driver usb
[    0.312671] clocksource: Switched to clocksource arch_sys_counter
[    0.396281] NET: Registered PF_INET protocol family
[    0.396591] IP idents hash table entries: 16384 (order: 5, 131072 bytes, linear)
[    0.400338] tcp_listen_portaddr_hash hash table entries: 512 (order: 1, 8192 bytes, linear)
[    0.400398] Table-perturb hash table entries: 65536 (order: 6, 262144 bytes, linear)
[    0.400427] TCP established hash table entries: 8192 (order: 4, 65536 bytes, linear)
[    0.400532] TCP bind hash table entries: 8192 (order: 6, 262144 bytes, linear)
[    0.400879] TCP: Hash tables configured (established 8192 bind 8192)
[    0.401051] UDP hash table entries: 512 (order: 2, 16384 bytes, linear)
[    0.401103] UDP-Lite hash table entries: 512 (order: 2, 16384 bytes, linear)
[    0.403116] Unpacking initramfs...
[    0.420786] workingset: timestamp_bits=62 max_order=18 bucket_order=0
[    0.423103] io scheduler mq-deadline registered
[    0.423136] io scheduler kyber registered
[    0.558069] Serial: 8250/16550 driver, 4 ports, IRQ sharing disabled
[    0.612949] sun6i-rtc 1f00000.rtc: registered as rtc0
[    0.613012] sun6i-rtc 1f00000.rtc: setting system clock to 1970-01-01T00:00:06 UTC (6)
[    0.617535] sun6i-rtc 1f00000.rtc: RTC enabled
[    0.618087] sdhci: Secure Digital Host Controller Interface driver
[    0.618109] sdhci: Copyright(c) Pierre Ossman
[    0.618131] Synopsys Designware Multimedia Card Interface Driver
[    0.619037] sdhci-pltfm: SDHCI platform and OF driver helper
[    0.673549] Initramfs unpacking failed: invalid magic at start of compressed archive
[    0.674026] Freeing initrd memory: 744K
[    0.756640] sun50i-a64-pinctrl 1c20800.pinctrl: initialized sunXi PIO driver
[    0.789458] sun50i-a64-r-pinctrl 1f02c00.pinctrl: initialized sunXi PIO driver
[    0.791362] sun50i-a64-pinctrl 1c20800.pinctrl: supply vcc-pb not found, using dummy regulator
[    0.814367] 1c28000.serial: ttyS0 at MMIO 0x1c28000 (irq = 149, base_baud = 1500000) is a U6_16550A
[    1.451936] printk: console [ttyS0] enabled
[    1.460307] sun50i-a64-pinctrl 1c20800.pinctrl: supply vcc-pg not found, using dummy regulator
[    1.495135] 1c28400.serial: ttyS1 at MMIO 0x1c28400 (irq = 150, base_baud = 1500000) is a U6_16550A
[    1.513610] sun50i-a64-r-pinctrl 1f02c00.pinctrl: supply vcc-pl not found, using dummy regulator
[    1.513884] ehci-platform 1c1a000.usb: EHCI Host Controller
[    1.513969] ehci-platform 1c1b000.usb: EHCI Host Controller
[    1.515495] ehci-platform 1c1b000.usb: new USB bus registered, assigned bus number 1
[    1.518686] ehci-platform 1c1b000.usb: irq 152, io mem 0x01c1b000
[    1.530523] sunxi-rsb 1f03400.rsb: RSB running at 4000000 Hz
[    1.532693] ehci-platform 1c1b000.usb: USB 2.0 started, EHCI 1.00
[    1.533203] usb usb1: New USB device found, idVendor=1d6b, idProduct=0002, bcdDevice= 6.01
[    1.533216] usb usb1: New USB device strings: Mfr=3, Product=2, SerialNumber=1
[    1.533227] usb usb1: Product: EHCI Host Controller
[    1.533235] usb usb1: Manufacturer: Linux 6.1.52 ehci_hcd
[    1.533243] usb usb1: SerialNumber: 1c1b000.usb
[    1.545096] hub 1-0:1.0: USB hub found
[    1.552078] axp20x-rsb sunxi-rsb-3a3: AXP20x variant AXP803 found
[    1.553445] hub 1-0:1.0: 1 port detected
[    1.584113] axp20x-rsb sunxi-rsb-3a3: mask_invert=true is deprecated; please switch to unmask_base
[    1.588948] ehci-platform 1c1a000.usb: new USB bus registered, assigned bus number 2
[    1.622282] ehci-platform 1c1a000.usb: irq 151, io mem 0x01c1a000
[    1.640714] ehci-platform 1c1a000.usb: USB 2.0 started, EHCI 1.00
[    1.652451] usb usb2: New USB device found, idVendor=1d6b, idProduct=0002, bcdDevice= 6.01
[    1.660783] usb usb2: New USB device strings: Mfr=3, Product=2, SerialNumber=1
[    1.668032] usb usb2: Product: EHCI Host Controller
[    1.672932] usb usb2: Manufacturer: Linux 6.1.52 ehci_hcd
[    1.678354] usb usb2: SerialNumber: 1c1a000.usb
[    1.698369] hub 2-0:1.0: USB hub found
[    1.702227] hub 2-0:1.0: 1 port detected
[    1.771466] axp20x-rsb sunxi-rsb-3a3: AXP20X driver loaded
[    1.799640] sun50i-a64-pinctrl 1c20800.pinctrl: supply vcc-pd not found, using dummy regulator
[    1.808579] dwmac-sun8i 1c30000.ethernet: IRQ eth_wake_irq not found
[    1.814965] dwmac-sun8i 1c30000.ethernet: IRQ eth_lpi not found
[    1.825224] dwmac-sun8i 1c30000.ethernet: PTP uses main clock
[    1.831036] dwmac-sun8i 1c30000.ethernet: Current syscon value is not the default 6 (expect 0)
[    1.840118] dwmac-sun8i 1c30000.ethernet: No HW DMA feature register supported
[    1.847372] dwmac-sun8i 1c30000.ethernet: RX Checksum Offload Engine supported
[    1.854612] dwmac-sun8i 1c30000.ethernet: COE Type 2
[    1.859592] dwmac-sun8i 1c30000.ethernet: TX Checksum insertion supported
[    1.866394] dwmac-sun8i 1c30000.ethernet: Normal descriptors
[    1.872067] dwmac-sun8i 1c30000.ethernet: Chain mode enabled
[    1.926041] sun50i-a64-pinctrl 1c20800.pinctrl: supply vcc-pf not found, using dummy regulator
[    1.938141] sunxi-mmc 1c10000.mmc: allocated mmc-pwrseq
[    1.945918] sunxi-mmc 1c0f000.mmc: Got CD GPIO
[    1.980684] sunxi-mmc 1c0f000.mmc: initialized, max. request size: 16384 KB, uses new timings mode
[    1.980684] sunxi-mmc 1c10000.mmc: initialized, max. request size: 16384 KB, uses new timings mode
[    2.001522] dwmac-sun8i 1c30000.ethernet eth0: Register MEM_TYPE_PAGE_POOL RxQ-0
[    2.022430] dwmac-sun8i 1c30000.ethernet eth0: PHY [stmmac-0:01] driver [Generic PHY] (irq=POLL)
[    2.031300] dwmac-sun8i 1c30000.ethernet eth0: No Safety Features support found
[    2.038632] dwmac-sun8i 1c30000.ethernet eth0: No MAC Management Counters available
[    2.046306] dwmac-sun8i 1c30000.ethernet eth0: PTP not supported by HW
[    2.054748] dwmac-sun8i 1c30000.ethernet eth0: configuring for phy/rgmii-txid link mode
[    2.058267] mmc0: new high speed SDHC card at address 0001
[    2.069318] mmcblk0: mmc0:0001 SD32G 29.1 GiB
[    2.088088]  mmcblk0: p1 p2
[    6.220690] dwmac-sun8i 1c30000.ethernet eth0: Link is Up - 1Gbps/Full - flow control rx/tx
[    6.248672] Sending DHCP requests ., OK
[    6.268556] IP-Config: Got DHCP answer from 192.168.10.1, my address is 192.168.10.121
[    6.276508] IP-Config: Complete:
[    6.279752]      device=eth0, hwaddr=02:ba:cd:42:77:0b, ipaddr=192.168.10.121, mask=255.255.255.0, gw=192.168.10.1
[    6.290120]      host=192.168.10.121, domain=, nis-domain=(none)
[    6.296139]      bootserver=0.0.0.0, rootserver=0.0.0.0, rootpath=
[    6.296148]      nameserver0=192.168.10.1
[    6.310981] Freeing unused kernel memory: 320K
[    6.320720] Run /sbin/init as init process
Mount everything
/etc/init.d/rcS: line 20: can't create /proc/sys/kernel/hotplug: nonexistent directory
Finished
/bin/sh: can't access tty; job control turned off
~ # ls /dev                             # ptyが16個
bus        ptyp6      tty13      tty3       tty46      tty62      ttyp9
console    ptyp7      tty14      tty30      tty47      tty63      ttypa
full       ptyp8      tty15      tty31      tty48      tty7       ttypb
gpiochip0  ptyp9      tty16      tty32      tty49      tty8       ttypc
gpiochip1  ptypa      tty17      tty33      tty5       tty9       ttypd
kmsg       ptypb      tty18      tty34      tty50      ttyS0      ttype
mmcblk0    ptypc      tty19      tty35      tty51      ttyS1      ttypf
mmcblk0p1  ptypd      tty2       tty36      tty52      ttyS2      urandom
mmcblk0p2  ptype      tty20      tty37      tty53      ttyS3      vcs
null       ptypf      tty21      tty38      tty54      ttyp0      vcs1
ptmx       random     tty22      tty39      tty55      ttyp1      vcsa
pts        rtc0       tty23      tty4       tty56      ttyp2      vcsa1
ptyp0      tty        tty24      tty40      tty57      ttyp3      vcsu
ptyp1      tty0       tty25      tty41      tty58      ttyp4      vcsu1
ptyp2      tty1       tty26      tty42      tty59      ttyp5      zero
ptyp3      tty10      tty27      tty43      tty6       ttyp6
ptyp4      tty11      tty28      tty44      tty60      ttyp7
ptyp5      tty12      tty29      tty45      tty61      ttyp8
~ # poweroff -f
[   32.829511] reboot: Power down       # 電源がオフになる
